2025-12-21 18:36:22,777 - INFO - Anonymized telemetry enabled. See                     https://docs.trychroma.com/telemetry for more information.
2025-12-21 18:36:23,229 - INFO - Use pytorch device_name: cpu
2025-12-21 18:36:23,229 - INFO - Load pretrained SentenceTransformer: all-MiniLM-L6-v2
2025-12-21 18:36:28,267 - WARNING - Xet Storage is enabled for this repo, but the 'hf_xet' package is not installed. Falling back to regular HTTP download. For better performance, install the package with: `pip install huggingface_hub[hf_xet]` or `pip install hf_xet`
2025-12-21 18:37:10,649 - ERROR - Form data requires "python-multipart" to be installed. 
You can install "python-multipart" with: 

pip install python-multipart

2025-12-21 18:41:09,961 - INFO - Anonymized telemetry enabled. See                     https://docs.trychroma.com/telemetry for more information.
2025-12-21 18:41:10,320 - INFO - Use pytorch device_name: cpu
2025-12-21 18:41:10,320 - INFO - Load pretrained SentenceTransformer: all-MiniLM-L6-v2
2025-12-21 18:49:47,672 - INFO - Anonymized telemetry enabled. See                     https://docs.trychroma.com/telemetry for more information.
2025-12-21 18:49:47,911 - INFO - Use pytorch device_name: cpu
2025-12-21 18:49:47,912 - INFO - Load pretrained SentenceTransformer: all-MiniLM-L6-v2
2025-12-21 18:52:13,436 - INFO - Summary generated
2025-12-21 18:52:25,222 - INFO - Summary generated
2025-12-21 18:52:35,268 - INFO - Summary generated
2025-12-21 18:52:47,183 - INFO - Summary generated
2025-12-21 18:55:23,243 - INFO - Anonymized telemetry enabled. See                     https://docs.trychroma.com/telemetry for more information.
2025-12-21 18:55:23,673 - INFO - Use pytorch device_name: cpu
2025-12-21 18:55:23,674 - INFO - Load pretrained SentenceTransformer: all-MiniLM-L6-v2
2025-12-21 18:57:31,202 - INFO - Anonymized telemetry enabled. See                     https://docs.trychroma.com/telemetry for more information.
2025-12-21 18:57:31,461 - INFO - Use pytorch device_name: cpu
2025-12-21 18:57:31,461 - INFO - Load pretrained SentenceTransformer: all-MiniLM-L6-v2
2025-12-21 19:00:35,231 - INFO - HF response status: 410
2025-12-21 19:00:35,232 - INFO - HF response text: {"error":"https://api-inference.huggingface.co is no longer supported. Please use https://router.huggingface.co instead."}
2025-12-21 19:00:46,483 - INFO - HF response status: 410
2025-12-21 19:00:46,483 - INFO - HF response text: {"error":"https://api-inference.huggingface.co is no longer supported. Please use https://router.huggingface.co instead."}
2025-12-21 19:00:58,685 - INFO - HF response status: 410
2025-12-21 19:00:58,686 - INFO - HF response text: {"error":"https://api-inference.huggingface.co is no longer supported. Please use https://router.huggingface.co instead."}
2025-12-21 19:24:42,626 - INFO - Anonymized telemetry enabled. See                     https://docs.trychroma.com/telemetry for more information.
2025-12-21 19:24:43,047 - INFO - Use pytorch device_name: cpu
2025-12-21 19:24:43,047 - INFO - Load pretrained SentenceTransformer: all-MiniLM-L6-v2
2025-12-21 19:24:49,483 - ERROR - Form data requires "python-multipart" to be installed. 
You can install "python-multipart" with: 

pip install python-multipart

2025-12-21 19:26:23,452 - INFO - Anonymized telemetry enabled. See                     https://docs.trychroma.com/telemetry for more information.
2025-12-21 19:26:23,699 - INFO - Use pytorch device_name: cpu
2025-12-21 19:26:23,699 - INFO - Load pretrained SentenceTransformer: all-MiniLM-L6-v2
2025-12-21 19:29:24,898 - INFO - HF status: 200
2025-12-21 19:29:24,898 - INFO - HF response: [{"summary_text":"Git Cherry-pick is a command used to apply the changes introduced by a specific commit from one branch into another. Instead of merging all commits, it picks only the desired one(s) GIT MERGE keeps all history intact (non-linear). GIT REBASE rewrites history to make it linear and cleaner."}]
2025-12-21 19:30:22,962 - INFO - HF status: 200
2025-12-21 19:30:22,963 - INFO - HF response: [{"summary_text":"Git Cherry-pick is a command used to apply the changes introduced by a specific commit from one branch into another. Instead of merging all commits, it picks only the desired one(s) GIT MERGE keeps all history intact (non-linear). GIT REBASE rewrites history to make it linear and cleaner."}]
2025-12-21 19:30:39,274 - INFO - HF status: 200
2025-12-21 19:30:39,274 - INFO - HF response: [{"summary_text":"Git Cherry-pick is a command used to apply the changes introduced by a specific commit from one branch into another. Instead of merging all commits, it picks only the desired one(s) GIT MERGE keeps all history intact (non-linear). GIT REBASE rewrites history to make it linear and cleaner."}]
2025-12-21 19:31:00,957 - INFO - HF status: 200
2025-12-21 19:31:00,957 - INFO - HF response: [{"summary_text":"Git Cherry-pick is a command used to apply the changes introduced by a specific commit from one branch into another. Instead of merging all commits, it picks only the desired one(s) GIT MERGE keeps all history intact (non-linear). GIT REBASE rewrites history to make it linear and cleaner."}]
2025-12-21 19:31:09,147 - INFO - HF status: 200
2025-12-21 19:31:09,147 - INFO - HF response: [{"summary_text":"Git Cherry-pick is a command used to apply the changes introduced by a specific commit from one branch into another. Instead of merging all commits, it picks only the desired one(s) GIT MERGE keeps all history intact (non-linear). GIT REBASE rewrites history to make it linear and cleaner."}]
2025-12-21 19:37:21,383 - INFO - Anonymized telemetry enabled. See                     https://docs.trychroma.com/telemetry for more information.
2025-12-21 19:37:21,724 - INFO - Use pytorch device_name: cpu
2025-12-21 19:37:21,724 - INFO - Load pretrained SentenceTransformer: all-MiniLM-L6-v2
2025-12-21 19:39:49,274 - INFO - HF status: 200
2025-12-21 19:39:49,274 - INFO - HF response: [{"summary_text":"Git Cherry-pick is a command used to apply the changes introduced by a specific commit from one branch into another. Instead of merging all commits, it picks only the desired one(s) GIT MERGE keeps all history intact (non-linear). GIT REBASE rewrites history to make it linear and cleaner."}]
2025-12-21 19:40:28,026 - INFO - HF status: 200
2025-12-21 19:40:28,027 - INFO - HF response: [{"summary_text":"Git Cherry-pick is a command used to apply the changes introduced by a specific commit from one branch into another. Instead of merging all commits, it picks only the desired one(s) GIT MERGE keeps all history intact (non-linear). GIT REBASE rewrites history to make it linear and cleaner."}]
2025-12-21 19:41:31,704 - INFO - HF status: 200
2025-12-21 19:41:31,704 - INFO - HF response: [{"summary_text":"Git Cherry-pick is a command used to apply the changes introduced by a specific commit from one branch into another. Instead of merging all commits, it picks only the desired one(s) GIT MERGE keeps all history intact (non-linear). GIT REBASE rewrites history to make it linear and cleaner."}]
2025-12-21 19:42:27,169 - INFO - HF status: 200
2025-12-21 19:42:27,170 - INFO - HF response: [{"summary_text":"Git Cherry-pick is a command used to apply the changes introduced by a specific commit from one branch into another. Instead of merging all commits, it picks only the desired one(s) GIT MERGE keeps all history intact (non-linear). GIT REBASE rewrites history to make it linear and cleaner."}]
2025-12-21 19:45:20,133 - INFO - Anonymized telemetry enabled. See                     https://docs.trychroma.com/telemetry for more information.
2025-12-21 19:45:20,472 - INFO - Use pytorch device_name: cpu
2025-12-21 19:45:20,472 - INFO - Load pretrained SentenceTransformer: all-MiniLM-L6-v2
2025-12-21 19:46:37,167 - INFO - HF status: 200
2025-12-21 19:46:37,167 - INFO - HF response: [{"summary_text":"Git Cherry-pick is a command used to apply the changes introduced by a specific commit from one branch into another. Instead of merging all commits, it picks only the desired one(s) GIT MERGE keeps all history intact (non-linear). GIT REBASE rewrites history to make it linear and cleaner."}]
2025-12-21 19:46:57,418 - INFO - HF status: 200
2025-12-21 19:46:57,418 - INFO - HF response: [{"summary_text":"Git Cherry-pick is a command used to apply the changes introduced by a specific commit from one branch into another. Instead of merging all commits, it picks only the desired one(s) GIT MERGE keeps all history intact (non-linear). GIT REBASE rewrites history to make it linear and cleaner."}]
2025-12-21 19:47:39,942 - INFO - HF status: 200
2025-12-21 19:47:39,943 - INFO - HF response: [{"summary_text":"Git Cherry-pick is a command used to apply the changes introduced by a specific commit from one branch into another. Instead of merging all commits, it picks only the desired one(s) GIT MERGE keeps all history intact (non-linear). GIT REBASE rewrites history to make it linear and cleaner."}]
2025-12-21 19:47:43,705 - INFO - Q&A status: 404
2025-12-21 19:47:43,705 - INFO - Q&A raw response: Not Found
2025-12-21 19:47:43,705 - ERROR - Q&A parsing error: Expecting value: line 1 column 1 (char 0)
2025-12-21 19:59:19,870 - INFO - Anonymized telemetry enabled. See                     https://docs.trychroma.com/telemetry for more information.
2025-12-21 19:59:20,151 - INFO - Use pytorch device_name: cpu
2025-12-21 19:59:20,151 - INFO - Load pretrained SentenceTransformer: all-MiniLM-L6-v2
2025-12-21 20:00:39,656 - INFO - HF status: 200
2025-12-21 20:00:39,657 - INFO - HF response: [{"summary_text":"Git Cherry-pick is a command used to apply the changes introduced by a specific commit from one branch into another. Instead of merging all commits, it picks only the desired one(s) GIT MERGE keeps all history intact (non-linear). GIT REBASE rewrites history to make it linear and cleaner."}]
2025-12-21 20:02:01,540 - INFO - HF status: 200
2025-12-21 20:02:01,540 - INFO - HF response: [{"summary_text":"Git Cherry-pick is a command used to apply the changes introduced by a specific commit from one branch into another. Instead of merging all commits, it picks only the desired one(s) GIT MERGE keeps all history intact (non-linear). GIT REBASE rewrites history to make it linear and cleaner."}]
2025-12-21 20:03:01,082 - INFO - HF status: 200
2025-12-21 20:03:01,082 - INFO - HF response: [{"summary_text":"Git Cherry-pick is a command used to apply the changes introduced by a specific commit from one branch into another. Instead of merging all commits, it picks only the desired one(s) GIT MERGE keeps all history intact (non-linear). GIT REBASE rewrites history to make it linear and cleaner."}]
2025-12-21 20:03:04,612 - INFO - Q&A status: 404
2025-12-21 20:03:04,613 - INFO - Q&A raw response: Not Found
2025-12-21 20:03:04,613 - ERROR - Q&A parsing error: Expecting value: line 1 column 1 (char 0)
2025-12-21 20:03:13,762 - INFO - HF status: 200
2025-12-21 20:03:13,762 - INFO - HF response: [{"summary_text":"Git Cherry-pick is a command used to apply the changes introduced by a specific commit from one branch into another. Instead of merging all commits, it picks only the desired one(s) GIT MERGE keeps all history intact (non-linear). GIT REBASE rewrites history to make it linear and cleaner."}]
2025-12-21 20:03:17,540 - INFO - Q&A status: 404
2025-12-21 20:03:17,541 - INFO - Q&A raw response: Not Found
2025-12-21 20:03:17,541 - ERROR - Q&A parsing error: Expecting value: line 1 column 1 (char 0)
2025-12-21 20:03:48,547 - INFO - HF status: 200
2025-12-21 20:03:48,547 - INFO - HF response: [{"summary_text":"Git Cherry-pick is a command used to apply the changes introduced by a specific commit from one branch into another. Instead of merging all commits, it picks only the desired one(s) GIT MERGE keeps all history intact (non-linear). GIT REBASE rewrites history to make it linear and cleaner."}]
2025-12-21 20:03:52,036 - INFO - HF status: 200
2025-12-21 20:03:52,036 - INFO - HF response: [{"summary_text":"Git Cherry-pick is a command used to apply the changes introduced by a specific commit from one branch into another. Instead of merging all commits, it picks only the desired one(s) GIT MERGE keeps all history intact (non-linear). GIT REBASE rewrites history to make it linear and cleaner."}]
2025-12-21 20:03:55,726 - INFO - Q&A status: 404
2025-12-21 20:03:55,726 - INFO - Q&A raw response: Not Found
2025-12-21 20:03:55,726 - ERROR - Q&A parsing error: Expecting value: line 1 column 1 (char 0)
2025-12-21 20:04:42,135 - INFO - HF status: 200
2025-12-21 20:04:42,135 - INFO - HF response: [{"summary_text":"Git Cherry-pick is a command used to apply the changes introduced by a specific commit from one branch into another. Instead of merging all commits, it picks only the desired one(s) GIT MERGE keeps all history intact (non-linear). GIT REBASE rewrites history to make it linear and cleaner."}]
2025-12-21 20:04:45,993 - INFO - Q&A status: 404
2025-12-21 20:04:45,993 - INFO - Q&A raw response: Not Found
2025-12-21 20:04:45,993 - ERROR - Q&A parsing error: Expecting value: line 1 column 1 (char 0)
2025-12-21 20:07:48,410 - INFO - Anonymized telemetry enabled. See                     https://docs.trychroma.com/telemetry for more information.
2025-12-21 20:07:48,829 - INFO - Use pytorch device_name: cpu
2025-12-21 20:07:48,829 - INFO - Load pretrained SentenceTransformer: all-MiniLM-L6-v2
2025-12-21 20:08:40,215 - INFO - HF status: 200
2025-12-21 20:08:40,216 - INFO - HF response: [{"summary_text":"Git Cherry-pick is a command used to apply the changes introduced by a specific commit from one branch into another. Instead of merging all commits, it picks only the desired one(s) GIT MERGE keeps all history intact (non-linear). GIT REBASE rewrites history to make it linear and cleaner."}]
2025-12-21 20:09:02,997 - INFO - HF status: 200
2025-12-21 20:09:02,997 - INFO - HF response: [{"summary_text":"Git Cherry-pick is a command used to apply the changes introduced by a specific commit from one branch into another. Instead of merging all commits, it picks only the desired one(s) GIT MERGE keeps all history intact (non-linear). GIT REBASE rewrites history to make it linear and cleaner."}]
2025-12-21 20:09:33,098 - INFO - HF status: 200
2025-12-21 20:09:33,098 - INFO - HF response: [{"summary_text":"Git Cherry-pick is a command used to apply the changes introduced by a specific commit from one branch into another. Instead of merging all commits, it picks only the desired one(s) GIT MERGE keeps all history intact (non-linear). GIT REBASE rewrites history to make it linear and cleaner."}]
2025-12-21 20:09:36,932 - INFO - Q&A status: 404
2025-12-21 20:09:36,932 - INFO - Q&A raw response: Not Found
2025-12-21 20:09:36,932 - ERROR - Q&A failed: Expecting value: line 1 column 1 (char 0)
2025-12-21 20:11:48,144 - INFO - HF status: 200
2025-12-21 20:11:48,145 - INFO - HF response: [{"summary_text":"Git Cherry-pick is a command used to apply the changes introduced by a specific commit from one branch into another. Instead of merging all commits, it picks only the desired one(s) GIT MERGE keeps all history intact (non-linear). GIT REBASE rewrites history to make it linear and cleaner."}]
2025-12-21 20:11:51,893 - INFO - Q&A status: 404
2025-12-21 20:11:51,893 - INFO - Q&A raw response: Not Found
2025-12-21 20:11:51,893 - ERROR - Q&A failed: Expecting value: line 1 column 1 (char 0)
2025-12-21 20:12:40,972 - INFO - HF status: 200
2025-12-21 20:12:40,973 - INFO - HF response: [{"summary_text":"This report is available at no cost from the National Renewable Energy Laboratory (NREL) at www.nrel.gov/publications. NREL is a national laboratory of the U.S. Department of Energy. It is operated by the Alliance for Sustainable Energy, LLC."}]
2025-12-21 20:13:39,434 - INFO - HF status: 200
2025-12-21 20:13:39,434 - INFO - HF response: [{"summary_text":"This report is available at no cost from the National Renewable Energy Laboratory (NREL) at www.nrel.gov/publications. NREL is a national laboratory of the U.S. Department of Energy. It is operated by the Alliance for Sustainable Energy, LLC."}]
2025-12-21 20:13:46,771 - INFO - HF status: 200
2025-12-21 20:13:46,771 - INFO - HF response: [{"summary_text":"This report is available at no cost from the National Renewable Energy Laboratory (NREL) at www.nrel.gov/publications. NREL is a national laboratory of the U.S. Department of Energy. It is operated by the Alliance for Sustainable Energy, LLC."}]
2025-12-21 20:13:51,244 - INFO - Q&A status: 404
2025-12-21 20:13:51,244 - INFO - Q&A raw response: Not Found
2025-12-21 20:13:51,245 - ERROR - Q&A failed: Expecting value: line 1 column 1 (char 0)
2025-12-21 20:16:27,807 - INFO - Anonymized telemetry enabled. See                     https://docs.trychroma.com/telemetry for more information.
2025-12-21 20:16:28,076 - INFO - Use pytorch device_name: cpu
2025-12-21 20:16:28,077 - INFO - Load pretrained SentenceTransformer: all-MiniLM-L6-v2
2025-12-21 20:17:49,461 - INFO - HF status: 200
2025-12-21 20:17:49,461 - INFO - HF response: [{"summary_text":"This report is available at no cost from the National Renewable Energy Laboratory (NREL) at www.nrel.gov/publications. NREL is a national laboratory of the U.S. Department of Energy. It is operated by the Alliance for Sustainable Energy, LLC."}]
2025-12-21 20:18:25,256 - INFO - HF status: 200
2025-12-21 20:18:25,257 - INFO - HF response: [{"summary_text":"This report is available at no cost from the National Renewable Energy Laboratory (NREL) at www.nrel.gov/publications. NREL is a national laboratory of the U.S. Department of Energy. It is operated by the Alliance for Sustainable Energy, LLC."}]
2025-12-21 20:19:03,797 - INFO - HF status: 200
2025-12-21 20:19:03,797 - INFO - HF response: [{"summary_text":"This report is available at no cost from the National Renewable Energy Laboratory (NREL) at www.nrel.gov/publications. NREL is a national laboratory of the U.S. Department of Energy. It is operated by the Alliance for Sustainable Energy, LLC."}]
2025-12-21 20:19:12,793 - INFO - Q&A status: 404
2025-12-21 20:19:12,794 - INFO - Q&A raw response: Not Found
2025-12-21 20:19:12,794 - ERROR - Q&A failed: Expecting value: line 1 column 1 (char 0)
2025-12-21 20:35:51,235 - INFO - Anonymized telemetry enabled. See                     https://docs.trychroma.com/telemetry for more information.
2025-12-21 20:35:51,499 - INFO - Use pytorch device_name: cpu
2025-12-21 20:35:51,499 - INFO - Load pretrained SentenceTransformer: all-MiniLM-L6-v2
2025-12-21 20:39:23,116 - INFO - Anonymized telemetry enabled. See                     https://docs.trychroma.com/telemetry for more information.
2025-12-21 20:39:23,386 - INFO - Use pytorch device_name: cpu
2025-12-21 20:39:23,386 - INFO - Load pretrained SentenceTransformer: all-MiniLM-L6-v2
2025-12-21 20:40:16,011 - INFO - HF status: 200
2025-12-21 20:40:16,011 - INFO - HF response: [{"summary_text":"This report is available at no cost from the National Renewable Energy Laboratory (NREL) at www.nrel.gov/publications. NREL is a national laboratory of the U.S. Department of Energy. It is operated by the Alliance for Sustainable Energy, LLC."}]
2025-12-21 20:40:54,291 - INFO - HF status: 200
2025-12-21 20:40:54,291 - INFO - HF response: [{"summary_text":"This report is available at no cost from the National Renewable Energy Laboratory (NREL) at www.nrel.gov/publications. NREL is a national laboratory of the U.S. Department of Energy. It is operated by the Alliance for Sustainable Energy, LLC."}]
2025-12-21 20:41:16,211 - INFO - HF status: 200
2025-12-21 20:41:16,211 - INFO - HF response: [{"summary_text":"This report is available at no cost from the National Renewable Energy Laboratory (NREL) at www.nrel.gov/publications. NREL is a national laboratory of the U.S. Department of Energy. It is operated by the Alliance for Sustainable Energy, LLC."}]
2025-12-21 20:41:25,616 - INFO - Q&A status: 404
2025-12-21 20:41:25,616 - INFO - Q&A raw response: Not Found
2025-12-21 20:41:25,616 - ERROR - Q&A failed: Expecting value: line 1 column 1 (char 0)
2025-12-21 20:43:20,415 - INFO - HF status: 200
2025-12-21 20:43:20,415 - INFO - HF response: [{"summary_text":"This report is available at no cost from the National Renewable Energy Laboratory (NREL) at www.nrel.gov/publications. NREL is a national laboratory of the U.S. Department of Energy. It is operated by the Alliance for Sustainable Energy, LLC."}]
2025-12-21 20:55:16,060 - INFO - Anonymized telemetry enabled. See                     https://docs.trychroma.com/telemetry for more information.
2025-12-21 20:55:16,493 - INFO - Use pytorch device_name: cpu
2025-12-21 20:55:16,493 - INFO - Load pretrained SentenceTransformer: all-MiniLM-L6-v2
2025-12-21 20:56:29,152 - INFO - HF status: 200
2025-12-21 20:56:29,152 - INFO - HF response: [{"summary_text":"This report is available at no cost from the National Renewable Energy Laboratory (NREL) at www.nrel.gov/publications. NREL is a national laboratory of the U.S. Department of Energy. It is operated by the Alliance for Sustainable Energy, LLC."}]
2025-12-21 20:57:17,894 - INFO - HF status: 200
2025-12-21 20:57:17,894 - INFO - HF response: [{"summary_text":"This report is available at no cost from the National Renewable Energy Laboratory (NREL) at www.nrel.gov/publications. NREL is a national laboratory of the U.S. Department of Energy. It is operated by the Alliance for Sustainable Energy, LLC."}]
2025-12-21 21:04:47,920 - INFO - Anonymized telemetry enabled. See                     https://docs.trychroma.com/telemetry for more information.
2025-12-21 21:04:48,452 - INFO - Use pytorch device_name: cpu
2025-12-21 21:04:48,452 - INFO - Load pretrained SentenceTransformer: all-MiniLM-L6-v2
2025-12-21 21:06:34,557 - INFO - HF status: 200
2025-12-21 21:06:34,558 - INFO - HF response: [{"summary_text":"This report is available at no cost from the National Renewable Energy Laboratory (NREL) at www.nrel.gov/publications. NREL is a national laboratory of the U.S. Department of Energy. It is operated by the Alliance for Sustainable Energy, LLC."}]
2025-12-21 21:07:09,153 - INFO - HF status: 200
2025-12-21 21:07:09,154 - INFO - HF response: [{"summary_text":"This report is available at no cost from the National Renewable Energy Laboratory (NREL) at www.nrel.gov/publications. NREL is a national laboratory of the U.S. Department of Energy. It is operated by the Alliance for Sustainable Energy, LLC."}]
2025-12-21 21:16:29,324 - INFO - Anonymized telemetry enabled. See                     https://docs.trychroma.com/telemetry for more information.
2025-12-21 21:16:29,548 - INFO - Use pytorch device_name: cpu
2025-12-21 21:16:29,549 - INFO - Load pretrained SentenceTransformer: sentence-transformers/all-MiniLM-L6-v2
2025-12-21 21:17:35,062 - INFO - HF status: 200
2025-12-21 21:17:35,062 - INFO - HF response: [{"summary_text":"This report is available at no cost from the National Renewable Energy Laboratory (NREL) at www.nrel.gov/publications. NREL is a national laboratory of the U.S. Department of Energy. It is operated by the Alliance for Sustainable Energy, LLC."}]
2025-12-21 21:18:34,963 - INFO - HF status: 200
2025-12-21 21:18:34,963 - INFO - HF response: [{"summary_text":"This report is available at no cost from the National Renewable Energy Laboratory (NREL) at www.nrel.gov/publications. NREL is a national laboratory of the U.S. Department of Energy. It is operated by the Alliance for Sustainable Energy, LLC."}]
2025-12-21 21:18:52,479 - INFO - HF status: 200
2025-12-21 21:18:52,480 - INFO - HF response: [{"summary_text":"This report is available at no cost from the National Renewable Energy Laboratory (NREL) at www.nrel.gov/publications. NREL is a national laboratory of the U.S. Department of Energy. It is operated by the Alliance for Sustainable Energy, LLC."}]
2025-12-21 21:21:37,182 - INFO - Anonymized telemetry enabled. See                     https://docs.trychroma.com/telemetry for more information.
2025-12-21 21:21:37,491 - INFO - Use pytorch device_name: cpu
2025-12-21 21:21:37,492 - INFO - Load pretrained SentenceTransformer: sentence-transformers/all-MiniLM-L6-v2
2025-12-21 21:23:14,095 - INFO - Anonymized telemetry enabled. See                     https://docs.trychroma.com/telemetry for more information.
2025-12-21 21:23:14,375 - INFO - Use pytorch device_name: cpu
2025-12-21 21:23:14,376 - INFO - Load pretrained SentenceTransformer: sentence-transformers/all-MiniLM-L6-v2
2025-12-21 21:25:04,420 - INFO - HF status: 200
2025-12-21 21:25:04,421 - INFO - HF response: [{"summary_text":"This report is available at no cost from the National Renewable Energy Laboratory (NREL) at www.nrel.gov/publications. NREL is a national laboratory of the U.S. Department of Energy. It is operated by the Alliance for Sustainable Energy, LLC."}]
2025-12-22 17:46:57,865 - INFO - Anonymized telemetry enabled. See                     https://docs.trychroma.com/telemetry for more information.
2025-12-22 17:46:58,611 - INFO - Use pytorch device_name: cpu
2025-12-22 17:46:58,611 - INFO - Load pretrained SentenceTransformer: sentence-transformers/all-MiniLM-L6-v2
2025-12-22 17:48:20,848 - INFO - HF status: 200
2025-12-22 17:48:20,850 - INFO - HF response: [{"summary_text":"This report is available at no cost from the National Renewable Energy Laboratory (NREL) at www.nrel.gov/publications. NREL is a national laboratory of the U.S. Department of Energy. It is operated by the Alliance for Sustainable Energy, LLC."}]
2025-12-22 17:49:13,896 - INFO - HF status: 200
2025-12-22 17:49:13,897 - INFO - HF response: [{"summary_text":"This report is available at no cost from the National Renewable Energy Laboratory (NREL) at www.nrel.gov/publications. NREL is a national laboratory of the U.S. Department of Energy. It is operated by the Alliance for Sustainable Energy, LLC."}]
2025-12-22 17:49:38,053 - INFO - HF status: 200
2025-12-22 17:49:38,053 - INFO - HF response: [{"summary_text":"This report is available at no cost from the National Renewable Energy Laboratory (NREL) at www.nrel.gov/publications. NREL is a national laboratory of the U.S. Department of Energy. It is operated by the Alliance for Sustainable Energy, LLC."}]
2025-12-22 17:49:51,073 - INFO - Q&A status: 404
2025-12-22 17:49:51,074 - INFO - Q&A raw response: Not Found
2025-12-22 17:49:51,074 - ERROR - Q&A failed: Expecting value: line 1 column 1 (char 0)
2025-12-22 17:54:40,433 - INFO - HF status: 200
2025-12-22 17:54:40,433 - INFO - HF response: [{"summary_text":"Genesis Rabbah is the first book of the Bible. It was written by Rabbi Dr. Midrash RABBAH. The book was published in 1961 and has been translated into English. It is the only work of its kind to be published in the English-speaking world. The text was written in the form of a book of verses."}]
2025-12-22 17:58:13,630 - INFO - HF status: 200
2025-12-22 17:58:13,631 - INFO - HF response: [{"summary_text":"Midrash in the Synagogue and the Attenuation of Targum in Jewish Studies Quarterly, 2011, Vol. 18, No. 4 (2011), pp. 319-342. Scholars generally acknowledge that several of the \"minor midrashim\" are related to the festivals on which their designated Torah passage is read."}]
2025-12-22 17:58:33,909 - INFO - HF status: 200
2025-12-22 17:58:33,911 - INFO - HF response: [{"summary_text":"Git Cherry-pick is a command used to apply the changes introduced by a specific commit from one branch into another. Instead of merging all commits, it picks only the desired one(s) GIT MERGE keeps all history intact (non-linear). GIT REBASE rewrites history to make it linear and cleaner."}]
2025-12-22 18:05:46,821 - INFO - HF status: 200
2025-12-22 18:05:46,821 - INFO - HF response: [{"summary_text":"Git Cherry-pick is a command used to apply the changes introduced by a specific commit from one branch into another. Instead of merging all commits, it picks only the desired one(s) GIT MERGE keeps all history intact (non-linear). GIT REBASE rewrites history to make it linear and cleaner."}]
2025-12-22 18:28:40,193 - INFO - HF status: 200
2025-12-22 18:28:40,195 - INFO - HF response: [{"summary_text":"Git Cherry-pick is a command used to apply the changes introduced by a specific commit from one branch into another. Instead of merging all commits, it picks only the desired one(s) GIT MERGE keeps all history intact (non-linear). GIT REBASE rewrites history to make it linear and cleaner."}]
2025-12-22 18:28:44,904 - INFO - Q&A status: 404
2025-12-22 18:28:44,905 - INFO - Q&A raw response: Not Found
2025-12-22 18:28:44,906 - ERROR - Q&A failed: Expecting value: line 1 column 1 (char 0)
2025-12-22 18:29:28,308 - INFO - HF status: 200
2025-12-22 18:29:28,308 - INFO - HF response: [{"summary_text":"Git Cherry-pick is a command used to apply the changes introduced by a specific commit from one branch into another. Instead of merging all commits, it picks only the desired one(s) GIT MERGE keeps all history intact (non-linear). GIT REBASE rewrites history to make it linear and cleaner."}]
2025-12-22 18:29:33,742 - INFO - HF status: 200
2025-12-22 18:29:33,743 - INFO - HF response: [{"summary_text":"Git Cherry-pick is a command used to apply the changes introduced by a specific commit from one branch into another. Instead of merging all commits, it picks only the desired one(s) GIT MERGE keeps all history intact (non-linear). GIT REBASE rewrites history to make it linear and cleaner."}]
2025-12-22 18:29:38,451 - INFO - Q&A status: 404
2025-12-22 18:29:38,452 - INFO - Q&A raw response: Not Found
2025-12-22 18:29:38,453 - ERROR - Q&A failed: Expecting value: line 1 column 1 (char 0)
2025-12-22 18:30:08,252 - INFO - HF status: 200
2025-12-22 18:30:08,253 - INFO - HF response: [{"summary_text":"Git Cherry-pick is a command used to apply the changes introduced by a specific commit from one branch into another. Instead of merging all commits, it picks only the desired one(s) GIT MERGE keeps all history intact (non-linear). GIT REBASE rewrites history to make it linear and cleaner."}]
2025-12-22 18:30:26,576 - INFO - HF status: 200
2025-12-22 18:30:26,577 - INFO - HF response: [{"summary_text":"Git Cherry-pick is a command used to apply the changes introduced by a specific commit from one branch into another. Instead of merging all commits, it picks only the desired one(s) GIT MERGE keeps all history intact (non-linear). GIT REBASE rewrites history to make it linear and cleaner."}]
2025-12-22 18:30:36,822 - INFO - HF status: 200
2025-12-22 18:30:36,822 - INFO - HF response: [{"summary_text":"Git Cherry-pick is a command used to apply the changes introduced by a specific commit from one branch into another. Instead of merging all commits, it picks only the desired one(s) GIT MERGE keeps all history intact (non-linear). GIT REBASE rewrites history to make it linear and cleaner."}]
2025-12-22 18:30:41,328 - INFO - Q&A status: 404
2025-12-22 18:30:41,329 - INFO - Q&A raw response: Not Found
2025-12-22 18:30:41,329 - ERROR - Q&A failed: Expecting value: line 1 column 1 (char 0)
2025-12-22 18:32:12,531 - INFO - Anonymized telemetry enabled. See                     https://docs.trychroma.com/telemetry for more information.
2025-12-22 18:32:12,905 - INFO - Use pytorch device_name: cpu
2025-12-22 18:32:12,905 - INFO - Load pretrained SentenceTransformer: sentence-transformers/all-MiniLM-L6-v2
2025-12-22 18:36:46,791 - INFO - HF status: 200
2025-12-22 18:36:46,792 - INFO - HF response: [{"summary_text":"Git Cherry-pick is a command used to apply the changes introduced by a specific commit from one branch into another. Instead of merging all commits, it picks only the desired one(s) GIT MERGE keeps all history intact (non-linear). GIT REBASE rewrites history to make it linear and cleaner."}]
2025-12-22 18:37:19,963 - INFO - HF status: 200
2025-12-22 18:37:19,963 - INFO - HF response: [{"summary_text":"Git Cherry-pick is a command used to apply the changes introduced by a specific commit from one branch into another. Instead of merging all commits, it picks only the desired one(s) GIT MERGE keeps all history intact (non-linear). GIT REBASE rewrites history to make it linear and cleaner."}]
2025-12-22 18:37:29,500 - INFO - HF status: 200
2025-12-22 18:37:29,501 - INFO - HF response: [{"summary_text":"Git Cherry-pick is a command used to apply the changes introduced by a specific commit from one branch into another. Instead of merging all commits, it picks only the desired one(s) GIT MERGE keeps all history intact (non-linear). GIT REBASE rewrites history to make it linear and cleaner."}]
2025-12-22 18:37:34,497 - INFO - Q&A status: 404
2025-12-22 18:37:34,497 - INFO - Q&A raw response: Not Found
2025-12-22 18:37:34,498 - ERROR - Q&A failed: Expecting value: line 1 column 1 (char 0)
